// Jest Snapshot v1, https://goo.gl/fbAQLP

exports[`ArticlesList component should match snapshot and render correctly: Primary snapshot 1`] = `ShallowWrapper {}`;

exports[`ArticlesList component should render correctly with empty string values: Secondary snapshot 1`] = `ShallowWrapper {}`;
